> Task :gradle-plugin:compileKotlin UP-TO-DATE
> Task :gradle-plugin:compileJava NO-SOURCE
> Task :gradle-plugin:pluginDescriptors UP-TO-DATE
> Task :gradle-plugin:processResources UP-TO-DATE
> Task :gradle-plugin:classes UP-TO-DATE
> Task :gradle-plugin:jar UP-TO-DATE
> Task :gradle-plugin:inspectClassesForKotlinIC UP-TO-DATE

> Configure project :react-native-reanimated
Android gradle plugin: 8.1.1
Gradle: 8.3

FAILURE: Build failed with an exception.

* What went wrong:
Could not determine the dependencies of task ':app:compileDebugJavaWithJavac'.
> Could not resolve all task dependencies for configuration ':app:debugCompileClasspath'.
   > Could not resolve project :react-native-camera.
     Required by:
         project :app
      > The consumer was configured to find a component for use during compile-time, preferably optimized for Android, as well as attribute 'com.android.build.api.attributes.BuildTypeAttr' with value 'debug', attribute 'com.android.build.api.attributes.AgpVersionAttr' with value '8.1.1', attribute 'org.jetbrains.kotlin.platform.type' with value 'androidJvm'. However we cannot choose between the following variants of project :react-native-camera:
          - generalDebugApiElements
          - mlkitDebugApiElements
        All of them match the consumer attributes:
          - Variant 'generalDebugApiElements' capability ARLearn:react-native-camera:unspecified declares a component for use during compile-time, as well as attribute 'com.android.build.api.attributes.AgpVersionAttr' with value '8.1.1', attribute 'com.android.build.api.attributes.BuildTypeAttr' with value 'debug':
              - Unmatched attributes:
                  - Provides attribute 'com.android.build.api.attributes.ProductFlavor:react-native-camera' with value 'general' but the consumer didn't ask for it
                  - Provides attribute 'com.android.build.gradle.internal.attributes.VariantAttr' with value 'generalDebug' but the consumer didn't ask for it
                  - Doesn't say anything about its target Java environment (preferred optimized for Android)
                  - Doesn't say anything about org.jetbrains.kotlin.platform.type (required 'androidJvm')
                  - Provides attribute 'react-native-camera' with value 'general' but the consumer didn't ask for it
          - Variant 'mlkitDebugApiElements' capability ARLearn:react-native-camera:unspecified declares a component for use during compile-time, as well as attribute 'com.android.build.api.attributes.AgpVersionAttr' with value '8.1.1', attribute 'com.android.build.api.attributes.BuildTypeAttr' with value 'debug':
              - Unmatched attributes:
                  - Provides attribute 'com.android.build.api.attributes.ProductFlavor:react-native-camera' with value 'mlkit' but the consumer didn't ask for it
                  - Provides attribute 'com.android.build.gradle.internal.attributes.VariantAttr' with value 'mlkitDebug' but the consumer didn't ask for it
                  - Doesn't say anything about its target Java environment (preferred optimized for Android)
                  - Doesn't say anything about org.jetbrains.kotlin.platform.type (required 'androidJvm')
                  - Provides attribute 'react-native-camera' with value 'mlkit' but the consumer didn't ask for it
        The following variants were also considered but didn't match the requested attributes:
          - Variant 'generalReleaseApiElements' capability ARLearn:react-native-camera:unspecified declares a component for use during compile-time, as well as attribute 'com.android.build.api.attributes.AgpVersionAttr' with value '8.1.1':
              - Incompatible because this component declares a component, as well as attribute 'com.android.build.api.attributes.BuildTypeAttr' with value 'release' and the consumer needed a component, as well as attribute 'com.android.build.api.attributes.BuildTypeAttr' with value 'debug'
              - Other compatible attributes:
                  - Doesn't say anything about its target Java environment (preferred optimized for Android)
                  - Doesn't say anything about org.jetbrains.kotlin.platform.type (required 'androidJvm')
          - Variant 'generalReleaseRuntimeElements' capability ARLearn:react-native-camera:unspecified declares a component for use during runtime, as well as attribute 'com.android.build.api.attributes.AgpVersionAttr' with value '8.1.1':
              - Incompatible because this component declares a component, as well as attribute 'com.android.build.api.attributes.BuildTypeAttr' with value 'release' and the consumer needed a component, as well as attribute 'com.android.build.api.attributes.BuildTypeAttr' with value 'debug'
              - Other compatible attributes:
                  - Doesn't say anything about its target Java environment (preferred optimized for Android)
                  - Doesn't say anything about org.jetbrains.kotlin.platform.type (required 'androidJvm')
          - Variant 'mlkitReleaseApiElements' capability ARLearn:react-native-camera:unspecified declares a component for use during compile-time, as well as attribute 'com.android.build.api.attributes.AgpVersionAttr' with value '8.1.1':
              - Incompatible because this component declares a component, as well as attribute 'com.android.build.api.attributes.BuildTypeAttr' with value 'release' and the consumer needed a component, as well as attribute 'com.android.build.api.attributes.BuildTypeAttr' with value 'debug'
              - Other compatible attributes:
                  - Doesn't say anything about its target Java environment (preferred optimized for Android)
                  - Doesn't say anything about org.jetbrains.kotlin.platform.type (required 'androidJvm')
          - Variant 'mlkitReleaseRuntimeElements' capability ARLearn:react-native-camera:unspecified declares a component for use during runtime, as well as attribute 'com.android.build.api.attributes.AgpVersionAttr' with value '8.1.1':
              - Incompatible because this component declares a component, as well as attribute 'com.android.build.api.attributes.BuildTypeAttr' with value 'release' and the consumer needed a component, as well as attribute 'com.android.build.api.attributes.BuildTypeAttr' with value 'debug'
              - Other compatible attributes:
                  - Doesn't say anything about its target Java environment (preferred optimized for Android)
                  - Doesn't say anything about org.jetbrains.kotlin.platform.type (required 'androidJvm')

* Try:
> Run with --stacktrace option to get the stack trace.
> Run with --info or --debug option to get more log output.
> Run with --scan to get full insights.
> Get more help at https://help.gradle.org.

Deprecated Gradle features were used in this build, making it incompatible with Gradle 9.0.

You can use '--warning-mode all' to show the individual deprecation warnings and determine if they come from your own scripts or plugins.

For more on this, please refer to https://docs.gradle.org/8.3/userguide/command_line_interface.html#sec:command_line_warnings in the Gradle documentation.

BUILD FAILED in 14s
5 actionable tasks: 5 up-to-date
